// Jest Snapshot v1, https://goo.gl/fbAQLP

exports[`Testing Main Screen functionality Main screen populates fixed games to match snapshopt 1`] = `<View />`;
