// Jest Snapshot v1, https://goo.gl/fbAQLP

exports[`sample test suite snapshot 1`] = `
<View
  style={
    Object {
      "alignItems": "center",
      "backgroundColor": "#fff",
      "flex": 1,
      "justifyContent": "space-evenly",
    }
  }
>
  <Text>
    Welcome to Local Pickup Sports Manager!
  </Text>
  <View
    style={
      Array [
        Object {
          "marginLeft": 15,
          "marginRight": 15,
        },
        undefined,
        undefined,
        undefined,
      ]
    }
  >
    <View
      accessible={true}
      isTVSelectable={true}
      onResponderGrant={[Function]}
      onResponderMove={[Function]}
      onResponderRelease={[Function]}
      onResponderTerminate={[Function]}
      onResponderTerminationRequest={[Function]}
      onStartShouldSetResponder={[Function]}
      style={null}
    >
      <View
        pointerEvents="box-only"
        style={
          Array [
            Object {
              "alignItems": "center",
              "backgroundColor": "#9E9E9E",
              "flexDirection": "row",
              "justifyContent": "center",
              "padding": 19,
            },
            undefined,
            undefined,
            undefined,
            undefined,
            undefined,
            Object {
              "backgroundColor": "#3B5998",
            },
            undefined,
            Object {
              "padding": 12,
            },
            undefined,
            undefined,
            undefined,
            undefined,
            undefined,
            undefined,
          ]
        }
      >
        <Text
          style={
            Array [
              Object {},
              undefined,
              undefined,
              undefined,
              undefined,
              undefined,
              undefined,
              undefined,
              undefined,
              undefined,
              Array [
                Object {
                  "color": "white",
                  "fontSize": 20,
                },
                undefined,
                Object {
                  "fontSize": 17.5,
                },
                undefined,
                undefined,
                undefined,
                undefined,
                undefined,
              ],
            ]
          }
        >
          Sign in with Facebook
        </Text>
      </View>
    </View>
  </View>
  <View
    style={
      Array [
        Object {
          "marginLeft": 15,
          "marginRight": 15,
        },
        undefined,
        undefined,
        undefined,
      ]
    }
  >
    <View
      accessible={true}
      isTVSelectable={true}
      onResponderGrant={[Function]}
      onResponderMove={[Function]}
      onResponderRelease={[Function]}
      onResponderTerminate={[Function]}
      onResponderTerminationRequest={[Function]}
      onStartShouldSetResponder={[Function]}
      style={null}
    >
      <View
        pointerEvents="box-only"
        style={
          Array [
            Object {
              "alignItems": "center",
              "backgroundColor": "#9E9E9E",
              "flexDirection": "row",
              "justifyContent": "center",
              "padding": 19,
            },
            undefined,
            undefined,
            undefined,
            undefined,
            undefined,
            Object {
              "backgroundColor": "#f2a60c",
            },
            undefined,
            Object {
              "padding": 12,
            },
            undefined,
            undefined,
            undefined,
            undefined,
            undefined,
            undefined,
          ]
        }
      >
        <Text
          style={
            Array [
              Object {},
              undefined,
              undefined,
              undefined,
              undefined,
              undefined,
              undefined,
              undefined,
              undefined,
              undefined,
              Array [
                Object {
                  "color": "white",
                  "fontSize": 20,
                },
                undefined,
                Object {
                  "fontSize": 17.5,
                },
                undefined,
                undefined,
                undefined,
                undefined,
                undefined,
              ],
            ]
          }
        >
          Sign in with Google
        </Text>
      </View>
    </View>
  </View>
</View>
`;
