// Jest Snapshot v1, https://goo.gl/fbAQLP

exports[`update settings screen tests snapshot 1`] = `
<View
  style={
    Object {
      "alignItems": "stretch",
      "flex": 1,
      "justifyContent": "flex-start",
    }
  }
>
  <TextInput
    allowFontScaling={true}
    defaultValue=""
    onChangeText={[Function]}
    placeholder="Name"
    style={
      Object {
        "color": "grey",
        "padding": 50,
      }
    }
    underlineColorAndroid="transparent"
  />
  <TextInput
    allowFontScaling={true}
    defaultValue=""
    onChangeText={[Function]}
    placeholder="Email address"
    style={
      Object {
        "color": "grey",
        "padding": 50,
      }
    }
    underlineColorAndroid="transparent"
  />
  <View
    style={
      Array [
        Object {
          "marginLeft": 15,
          "marginRight": 15,
        },
        undefined,
        undefined,
        undefined,
      ]
    }
  >
    <View
      accessible={true}
      isTVSelectable={true}
      onResponderGrant={[Function]}
      onResponderMove={[Function]}
      onResponderRelease={[Function]}
      onResponderTerminate={[Function]}
      onResponderTerminationRequest={[Function]}
      onStartShouldSetResponder={[Function]}
      style={null}
    >
      <View
        pointerEvents="box-only"
        style={
          Array [
            Object {
              "alignItems": "center",
              "backgroundColor": "#9E9E9E",
              "flexDirection": "row",
              "justifyContent": "center",
              "padding": 19,
            },
            undefined,
            undefined,
            undefined,
            undefined,
            undefined,
            Object {
              "backgroundColor": "blue",
            },
            undefined,
            Object {
              "padding": 12,
            },
            undefined,
            undefined,
            undefined,
            undefined,
            undefined,
            undefined,
          ]
        }
      >
        <Text
          style={
            Array [
              Object {},
              undefined,
              undefined,
              undefined,
              undefined,
              undefined,
              undefined,
              undefined,
              undefined,
              undefined,
              Array [
                Object {
                  "color": "white",
                  "fontSize": 20,
                },
                undefined,
                Object {
                  "fontSize": 17.5,
                },
                undefined,
                undefined,
                undefined,
                undefined,
                undefined,
              ],
            ]
          }
        >
          Update
        </Text>
      </View>
    </View>
  </View>
</View>
`;
